// Jest Snapshot v1, https://goo.gl/fbAQLP

exports[`NewsletterSignup renders correctly 1`] = `
<div
  className="newsletter-signup"
>
  <form
    onSubmit={[Function]}
  >
    <input
      className="input"
      disabled={false}
      name="newsletter-email"
      onChange={[Function]}
      placeholder="Email-Adresse eintragen"
      type="email"
      value=""
    />
    <button
      className="button"
      disabled={false}
      onClick={[Function]}
      type="button"
    >
      Anmelden
    </button>
    <div
      className="newsletter-signup__info-container "
    />
  </form>
</div>
`;
