// Jest Snapshot v1, https://goo.gl/fbAQLP

exports[`Navigation renders correctly 1`] = `
<nav
  className="navigation"
>
  <ul>
    <li>
      <ForwardRef
        activeClassName="is-active"
        to="/leistungen"
      >
        Leistungen
      </ForwardRef>
    </li>
    <li>
      <ForwardRef
        activeClassName="is-active"
        to="/projekte"
      >
        Projekte
      </ForwardRef>
    </li>
    <li>
      <ForwardRef
        activeClassName="is-active"
        to="/agentur"
      >
        Agentur
      </ForwardRef>
    </li>
    <li>
      <ForwardRef
        activeClassName="is-active"
        to="/kontakt"
      >
        Kontakt
      </ForwardRef>
    </li>
    <li>
      <a
        className="navigation-item--medium"
        href="https://blog.smartive.ch"
        rel="noopener noreferrer"
        target="_blank"
      >
        Blog
      </a>
    </li>
  </ul>
</nav>
`;
